1	FBIS3-24145	ce=-0.495600	bm25=2.255000	final=0.819542	row=141072
2	FBIS4-38364	ce=0.262389	bm25=2.008900	final=0.789690	row=109136
3	FBIS4-22471	ce=-0.060199	bm25=2.080300	final=0.776391	row=82391
4	FBIS4-22345	ce=-0.303759	bm25=2.084200	final=0.727342	row=342939
5	FBIS4-16951	ce=-0.394600	bm25=2.090400	final=0.712750	row=76066
6	FBIS4-40260	ce=-0.101050	bm25=1.997600	final=0.703146	row=338894
7	FBIS3-37418	ce=-0.047994	bm25=1.948300	final=0.676038	row=404875
8	FBIS4-46734	ce=-0.051909	bm25=1.940800	final=0.669350	row=42688
9	FBIS4-39330	ce=-0.394814	bm25=2.028500	final=0.664420	row=273387
10	FBIS4-41541	ce=-0.098615	bm25=1.933000	final=0.653276	row=212363
11	FBIS3-23986	ce=-0.299686	bm25=1.979800	final=0.646778	row=377213
12	FBIS4-46846	ce=-0.578947	bm25=2.050000	final=0.641809	row=373922
13	FBIS3-24247	ce=-0.418258	bm25=1.991900	final=0.630857	row=374122
14	FBIS4-41839	ce=-0.063457	bm25=1.889400	final=0.626786	row=44823
15	FBIS4-62372	ce=-0.436318	bm25=1.991500	final=0.626682	row=181089
16	FBIS3-41288	ce=-0.266373	bm25=1.943100	final=0.625276	row=511236
17	FBIS4-41991	ce=-0.144048	bm25=1.881000	final=0.602998	row=176160
18	FBIS4-47008	ce=-0.475764	bm25=1.946200	final=0.582910	row=445062
19	FBIS4-62078	ce=-0.184777	bm25=1.828000	final=0.552945	row=478096
20	FBIS4-45333	ce=-0.580657	bm25=1.929100	final=0.547138	row=412054
21	FBIS4-68801	ce=-0.038450	bm25=1.765400	final=0.535411	row=341478
22	FBIS3-24143	ce=-0.056531	bm25=1.760300	final=0.527566	row=108243
23	FBIS4-7811	ce=0.014759	bm25=1.740100	final=0.527056	row=371277
24	FBIS3-19646	ce=0.348158	bm25=1.646000	final=0.524961	row=304803
25	FBIS3-21961	ce=0.348158	bm25=1.645999	final=0.524960	row=340236
26	FBIS4-62079	ce=-0.497106	bm25=1.844200	final=0.498783	row=478097
27	FBIS3-24182	ce=-0.521224	bm25=1.848100	final=0.496666	row=108385
28	FBIS3-55219	ce=0.087602	bm25=1.669700	final=0.487721	row=74950
29	FBIS4-41863	ce=-0.244964	bm25=1.759100	final=0.486329	row=44855
30	FBIS3-24039	ce=-0.548299	bm25=1.829700	final=0.476523	row=140827
31	FBIS4-46757	ce=-0.442861	bm25=1.799300	final=0.475361	row=440713
32	FBIS4-16502	ce=-0.416810	bm25=1.790000	final=0.473678	row=148097
33	FBIS4-40181	ce=0.194243	bm25=1.622100	final=0.473400	row=273502
34	FBIS3-24277	ce=0.021184	bm25=1.668600	final=0.472658	row=78064
35	FBIS3-19420	ce=0.119424	bm25=1.633600	final=0.466368	row=239949
36	FBIS4-47045	ce=-0.474490	bm25=1.780800	final=0.454166	row=510817
37	FBIS4-46806	ce=-0.394647	bm25=1.756100	final=0.451975	row=77377
38	FBIS4-68847	ce=-0.466288	bm25=1.774200	final=0.450772	row=177957
39	FBIS4-22377	ce=-0.405174	bm25=1.755400	final=0.449178	row=16196
40	FBIS3-15586	ce=-0.466922	bm25=1.768200	final=0.445956	row=212063
41	FBIS4-21038	ce=-0.405174	bm25=1.750000	final=0.444966	row=244174
42	FBIS4-47046	ce=-0.518664	bm25=1.779600	final=0.443782	row=344117
43	FBIS4-14483	ce=-0.089373	bm25=1.651900	final=0.435986	row=439940
44	FBIS4-43965	ce=0.042590	bm25=1.613700	final=0.434413	row=476846
45	FBIS3-24453	ce=-0.446107	bm25=1.745100	final=0.432389	row=337270
46	FBIS4-46733	ce=-0.515878	bm25=1.761600	final=0.430337	row=108043
47	FBIS4-22596	ce=-0.278550	bm25=1.696100	final=0.430004	row=12390
48	FBIS4-46780	ce=-0.511249	bm25=1.758000	final=0.428519	row=44318
49	FBIS4-41832	ce=-0.157303	bm25=1.650700	final=0.420522	row=407396
50	FBIS4-55395	ce=-0.091285	bm25=1.631400	final=0.419587	row=140585
51	FBIS3-15636	ce=-0.248242	bm25=1.669900	final=0.416049	row=443595
52	FBIS3-23432	ce=-0.505686	bm25=1.736499	final=0.412937	row=107483
53	FBIS3-17394	ce=-0.513356	bm25=1.736500	final=0.411298	row=46313
54	FBIS4-39493	ce=-0.576473	bm25=1.749600	final=0.408017	row=338811
55	FBIS3-21770	ce=-0.210183	bm25=1.649100	final=0.407964	row=11855
56	FBIS4-1796	ce=-0.055370	bm25=1.603100	final=0.405193	row=111192
57	FBIS4-46851	ce=-0.462378	bm25=1.713400	final=0.404182	row=209654
58	FBIS4-47200	ce=-0.255295	bm25=1.651800	final=0.400422	row=178066
59	FBIS4-46857	ce=-0.499060	bm25=1.716900	final=0.399067	row=241536
60	FBIS4-41687	ce=0.097166	bm25=1.550000	final=0.396397	row=47525
61	FBIS3-61238	ce=-0.411239	bm25=1.685700	final=0.393512	row=80259
62	FBIS3-24284	ce=-0.460099	bm25=1.692700	final=0.388523	row=45133
63	FBIS3-61106	ce=-0.375444	bm25=1.666000	final=0.385802	row=210595
64	FBIS3-61161	ce=-0.375444	bm25=1.665999	final=0.385801	row=177137
65	FBIS4-41215	ce=-0.501284	bm25=1.699000	final=0.384629	row=111251
66	FBIS3-24197	ce=-0.490171	bm25=1.692800	final=0.382169	row=141232
67	FBIS4-38410	ce=-0.537302	bm25=1.702900	final=0.379967	row=403946
68	FBIS3-55966	ce=-0.114726	bm25=1.579800	final=0.374324	row=442012
69	FBIS4-68746	ce=-0.193788	bm25=1.597900	final=0.371533	row=445147
70	FBIS4-40221	ce=-0.292899	bm25=1.623300	final=0.370148	row=406131
71	FBIS4-7688	ce=-0.092634	bm25=1.567900	final=0.369766	row=42298
72	FBIS4-41144	ce=-0.142735	bm25=1.578000	final=0.366929	row=78612
73	FBIS4-38482	ce=-0.155872	bm25=1.578900	final=0.364822	row=438253
74	FBIS4-41684	ce=0.252789	bm25=1.466700	final=0.364704	row=342627
75	FBIS4-43801	ce=0.072765	bm25=1.515000	final=0.363877	row=213630
76	FBIS4-2931	ce=-0.009910	bm25=1.537300	final=0.363590	row=279130
77	FBIS4-45477	ce=0.071349	bm25=1.514999	final=0.363574	row=279249
78	FBIS3-17255	ce=-0.026495	bm25=1.536000	final=0.359029	row=306753
79	FBIS3-24362	ce=-0.026495	bm25=1.535999	final=0.359028	row=406693
80	FBIS4-1628	ce=-0.563332	bm25=1.676100	final=0.353495	row=475725
81	FBIS4-31645	ce=0.213242	bm25=1.461900	final=0.352502	row=48470
82	FBIS4-45469	ce=0.213242	bm25=1.461899	final=0.352501	row=511571
83	FBIS4-40935	ce=-0.176156	bm25=1.567200	final=0.351357	row=212688
84	FBIS4-1549	ce=-0.538608	bm25=1.661600	final=0.347473	row=177651
85	FBIS3-17175	ce=-0.583971	bm25=1.666600	final=0.341671	row=240879
86	FBIS4-1865	ce=-0.555203	bm25=1.649300	final=0.334329	row=76260
87	FBIS3-37492	ce=-0.118827	bm25=1.529600	final=0.334289	row=75669
88	FBIS4-8957	ce=-0.255438	bm25=1.563499	final=0.331514	row=279030
89	FBIS4-21321	ce=-0.257034	bm25=1.563500	final=0.331173	row=82151
90	FBIS3-18129	ce=-0.284439	bm25=1.570300	final=0.330616	row=376169
91	FBIS4-49289	ce=-0.556581	bm25=1.643900	final=0.329822	row=209672
92	FBIS4-4063	ce=-0.568226	bm25=1.645700	final=0.328736	row=407149
93	FBIS4-19535	ce=0.076000	bm25=1.468700	final=0.328454	row=311267
94	FBIS3-44579	ce=0.057436	bm25=1.473400	final=0.328149	row=143362
95	FBIS4-68426	ce=-0.574771	bm25=1.646500	final=0.327960	row=508094
96	FBIS4-43797	ce=-0.524646	bm25=1.628300	final=0.324484	row=278384
97	FBIS3-1849	ce=-0.037965	bm25=1.494700	final=0.324360	row=378468
98	FBIS4-49754	ce=-0.528927	bm25=1.629000	final=0.324114	row=337528
99	FBIS4-50083	ce=-0.573608	bm25=1.640300	final=0.323372	row=75823
100	FBIS4-22259	ce=-0.102523	bm25=1.510000	final=0.322488	row=244460
101	FBIS3-54773	ce=-0.495387	bm25=1.610600	final=0.316935	row=141865
102	FBIS3-14772	ce=-0.554251	bm25=1.625700	final=0.316124	row=146306
103	FBIS4-1842	ce=-0.532844	bm25=1.619600	final=0.315944	row=78685
104	FBIS4-67129	ce=-0.559769	bm25=1.624800	final=0.314242	row=16052
105	FBIS4-40936	ce=-0.177409	bm25=1.515800	final=0.310995	row=212689
106	FBIS3-22085	ce=-0.257837	bm25=1.537500	final=0.310721	row=309218
107	FBIS3-9399	ce=-0.262329	bm25=1.537499	final=0.309759	row=181141
108	FBIS4-46730	ce=-0.551533	bm25=1.614500	final=0.307969	row=504692
109	FBIS3-42893	ce=-0.584174	bm25=1.623100	final=0.307696	row=374527
110	FBIS4-54904	ce=0.089721	bm25=1.437200	final=0.306817	row=176470
111	FBIS4-68542	ce=-0.393341	bm25=1.568500	final=0.305921	row=376189
112	FBIS3-19199	ce=0.208894	bm25=1.402299	final=0.305081	row=12981
113	FBIS3-38787	ce=-0.164124	bm25=1.503900	final=0.304554	row=509360
114	FBIS4-31295	ce=0.204800	bm25=1.399700	final=0.302179	row=311421
115	FBIS3-26415	ce=0.168963	bm25=1.409500	final=0.302158	row=146144
116	FBIS3-41247	ce=0.168963	bm25=1.409499	final=0.302158	row=114863
117	FBIS3-24325	ce=-0.092733	bm25=1.481200	final=0.302116	row=142414
118	FBIS4-22768	ce=-0.573169	bm25=1.611200	final=0.300767	row=208152
119	FBIS3-3189	ce=-0.017023	bm25=1.458000	final=0.300212	row=410322
120	FBIS4-2105	ce=-0.569700	bm25=1.609500	final=0.300183	row=438524
121	FBIS3-30645	ce=-0.278537	bm25=1.527900	final=0.298805	row=338036
122	FBIS4-64135	ce=0.028741	bm25=1.440500	final=0.296349	row=344783
123	FBIS4-67072	ce=0.058474	bm25=1.432199	final=0.296233	row=80123
124	FBIS3-55302	ce=-0.151407	bm25=1.489700	final=0.296198	row=238995
125	FBIS4-68669	ce=-0.466594	bm25=1.571500	final=0.292594	row=311152
126	FBIS4-56982	ce=0.039182	bm25=1.432200	final=0.292108	row=509327
127	FBIS4-40452	ce=-0.176417	bm25=1.488300	final=0.289757	row=214676
128	FBIS3-26914	ce=-0.271632	bm25=1.509000	final=0.285539	row=212380
129	FBIS4-18122	ce=-0.077305	bm25=1.455400	final=0.285291	row=44392
130	FBIS4-41399	ce=-0.424287	bm25=1.548300	final=0.283546	row=507790
131	FBIS3-23906	ce=-0.537584	bm25=1.578300	final=0.282715	row=246481
132	FBIS3-24451	ce=-0.584556	bm25=1.590700	final=0.282342	row=42456
133	FBIS3-15275	ce=-0.262434	bm25=1.501300	final=0.281500	row=177382
134	FBIS3-58028	ce=-0.032709	bm25=1.438100	final=0.281335	row=110576
135	FBIS3-58058	ce=-0.032709	bm25=1.438099	final=0.281334	row=337431
136	FBIS3-27474	ce=-0.553229	bm25=1.580400	final=0.281007	row=208155
137	FBIS4-40300	ce=0.073652	bm25=1.405400	final=0.278576	row=378707
138	FBIS3-24190	ce=-0.395971	bm25=1.529800	final=0.275171	row=9510
139	FBIS3-3190	ce=-0.565321	bm25=1.575100	final=0.274287	row=342936
140	FBIS3-25902	ce=-0.234872	bm25=1.484099	final=0.273978	row=206330
141	FBIS4-65501	ce=-0.065221	bm25=1.437400	final=0.273835	row=48693
142	FBIS4-41396	ce=0.024637	bm25=1.408200	final=0.270277	row=78780
143	FBIS4-26815	ce=-0.015216	bm25=1.416898	final=0.268538	row=372987
144	FBIS4-2721	ce=-0.557805	bm25=1.565500	final=0.268406	row=444425
145	FBIS4-44962	ce=0.067847	bm25=1.392400	final=0.267194	row=308094
146	FBIS4-24633	ce=-0.401827	bm25=1.518700	final=0.265260	row=13019
147	FBIS4-50993	ce=-0.553632	bm25=1.557900	final=0.263370	row=47362
148	FBIS3-24246	ce=-0.570344	bm25=1.556500	final=0.258704	row=274577
149	FBIS3-23891	ce=-0.473937	bm25=1.529400	final=0.258184	row=344835
150	FBIS4-41223	ce=-0.501462	bm25=1.536700	final=0.257991	row=275309
151	FBIS3-38070	ce=-0.045620	bm25=1.411000	final=0.257434	row=474787
152	FBIS4-65447	ce=-0.462546	bm25=1.524200	final=0.256564	row=343858
153	FBIS4-41394	ce=-0.121912	bm25=1.430600	final=0.256406	row=78778
154	FBIS3-38878	ce=-0.228314	bm25=1.457999	final=0.255021	row=47381
155	FBIS3-58477	ce=-0.111524	bm25=1.424100	final=0.253558	row=337918
156	FBIS3-25901	ce=-0.214468	bm25=1.451800	final=0.253148	row=472007
157	FBIS4-63597	ce=-0.317368	bm25=1.479100	final=0.252435	row=410401
158	FBIS4-34515	ce=-0.142803	bm25=1.428800	final=0.250534	row=15997
159	FBIS4-46775	ce=-0.531413	bm25=1.534700	final=0.250026	row=339294
160	FBIS4-34879	ce=-0.182059	bm25=1.437800	final=0.249159	row=304836
161	FBIS3-41387	ce=0.047586	bm25=1.373898	final=0.248428	row=147808
162	FBIS4-16454	ce=-0.211995	bm25=1.444600	final=0.248060	row=446136
163	FBIS3-21779	ce=-0.155627	bm25=1.428599	final=0.247635	row=441663
164	FBIS3-31267	ce=0.041866	bm25=1.373899	final=0.247206	row=339409
165	FBIS4-68383	ce=-0.273551	bm25=1.458800	final=0.245971	row=338793
166	FBIS3-18507	ce=-0.169666	bm25=1.428600	final=0.244633	row=411644
167	FBIS4-68846	ce=-0.375814	bm25=1.484100	final=0.243835	row=442987
168	FBIS4-19049	ce=-0.401868	bm25=1.490500	final=0.243255	row=46502
169	FBIS3-17047	ce=-0.258836	bm25=1.451200	final=0.243190	row=306548
170	FBIS4-40934	ce=-0.377740	bm25=1.480200	final=0.240381	row=14541
171	FBIS4-68544	ce=-0.568582	bm25=1.530000	final=0.238410	row=46928
172	FBIS4-41220	ce=-0.026399	bm25=1.380200	final=0.237521	row=340581
173	FBIS3-23533	ce=-0.556310	bm25=1.524900	final=0.237056	row=371151
174	FBIS4-68498	ce=-0.342783	bm25=1.466200	final=0.236937	row=12999
175	FBIS3-42512	ce=-0.557754	bm25=1.524899	final=0.236747	row=212149
176	FBIS4-68371	ce=-0.368963	bm25=1.472100	final=0.235940	row=109273
177	FBIS3-30866	ce=-0.086674	bm25=1.393200	final=0.234769	row=272427
178	FBIS4-41395	ce=-0.112631	bm25=1.399900	final=0.234444	row=78779
179	FBIS4-41803	ce=-0.360853	bm25=1.466900	final=0.233618	row=444094
180	FBIS4-49108	ce=-0.577191	bm25=1.526200	final=0.233605	row=479054
181	FBIS4-40930	ce=-0.151591	bm25=1.407800	final=0.232274	row=342910
182	FBIS4-22522	ce=-0.481248	bm25=1.497700	final=0.231893	row=509420
183	FBIS4-3370	ce=-0.555729	bm25=1.517400	final=0.231330	row=112950
184	FBIS4-67231	ce=-0.493352	bm25=1.499300	final=0.230553	row=246495
185	FBIS4-68720	ce=-0.494238	bm25=1.499299	final=0.230363	row=343868
186	FBIS3-60752	ce=-0.050577	bm25=1.375300	final=0.228527	row=279285
187	FBIS4-26335	ce=-0.361030	bm25=1.460400	final=0.228510	row=111579
188	FBIS4-42540	ce=-0.122656	bm25=1.394300	final=0.227932	row=473009
189	FBIS4-22718	ce=-0.414418	bm25=1.472200	final=0.226296	row=372353
190	FBIS4-3230	ce=-0.377399	bm25=1.461500	final=0.225867	row=509288
191	FBIS4-3367	ce=-0.377399	bm25=1.461499	final=0.225866	row=477786
192	FBIS4-22166	ce=-0.573224	bm25=1.511500	final=0.222987	row=174282
193	FBIS4-34836	ce=-0.013989	bm25=1.356700	final=0.221844	row=405324
194	FBIS4-58608	ce=-0.485682	bm25=1.485600	final=0.221507	row=81592
195	FBIS4-47039	ce=-0.455500	bm25=1.476500	final=0.220864	row=278511
196	FBIS3-23736	ce=-0.574055	bm25=1.508400	final=0.220391	row=342286
197	FBIS4-66178	ce=-0.543094	bm25=1.499800	final=0.220304	row=13116
198	FBIS4-45552	ce=-0.257279	bm25=1.421000	final=0.219966	row=446177
199	FBIS4-45511	ce=-0.024167	bm25=1.356699	final=0.219666	row=246581
200	FBIS4-68545	ce=-0.517886	bm25=1.491200	final=0.218987	row=178282
201	FBIS3-50043	ce=-0.312665	bm25=1.434500	final=0.218651	row=48065
202	FBIS4-10817	ce=-0.575213	bm25=1.505900	final=0.218193	row=77759
203	FBIS4-46742	ce=-0.515069	bm25=1.488100	final=0.217172	row=472875
204	FBIS4-64345	ce=0.082363	bm25=1.322400	final=0.215696	row=10475
205	FBIS4-40932	ce=0.003201	bm25=1.342700	final=0.214600	row=113437
206	FBIS4-50511	ce=-0.559680	bm25=1.495600	final=0.213481	row=444574
207	FBIS3-3304	ce=-0.162651	bm25=1.381700	final=0.209550	row=242134
208	FT943-16238	ce=0.138197	bm25=1.299100	final=0.209463	row=250479
209	FBIS3-42106	ce=-0.563078	bm25=1.487400	final=0.206358	row=472620
210	FBIS4-41538	ce=-0.168496	bm25=1.379000	final=0.206193	row=212359
211	FBIS3-41348	ce=-0.050013	bm25=1.345900	final=0.205715	row=180840
212	FBIS3-20551	ce=-0.315374	bm25=1.417000	final=0.204421	row=308400
213	FBIS3-20552	ce=-0.315374	bm25=1.416999	final=0.204421	row=111286
214	FBIS4-2498	ce=-0.555602	bm25=1.482600	final=0.204213	row=143678
215	FBIS3-18869	ce=-0.094590	bm25=1.353900	final=0.202421	row=409473
216	FBIS4-42317	ce=-0.421583	bm25=1.443400	final=0.202299	row=472950
217	FBIS4-40805	ce=-0.455715	bm25=1.452400	final=0.202019	row=277423
218	LA102290-0116	ce=0.033839	bm25=1.316099	final=0.200403	row=106281
219	FBIS3-21765	ce=-0.460650	bm25=1.451600	final=0.200339	row=45206
220	FBIS4-62543	ce=-0.499063	bm25=1.461297	final=0.199688	row=148234
221	FBIS3-38124	ce=0.043949	bm25=1.312100	final=0.199446	row=407074
222	FBIS4-41667	ce=-0.026263	bm25=1.330900	final=0.199094	row=47505
223	FBIS3-14961	ce=-0.483119	bm25=1.451499	final=0.195455	row=244875
224	FBIS3-15119	ce=-0.105003	bm25=1.347298	final=0.195044	row=375110
225	FT942-2423	ce=-0.403466	bm25=1.427499	final=0.193770	row=392704
226	FBIS4-47199	ce=-0.458021	bm25=1.440200	final=0.192009	row=79648
227	FBIS4-66291	ce=-0.520941	bm25=1.455100	final=0.190175	row=504656
228	FBIS4-66307	ce=-0.520941	bm25=1.455099	final=0.190174	row=140788
229	FBIS3-49407	ce=-0.555036	bm25=1.464300	final=0.190059	row=143485
230	FBIS4-44512	ce=-0.549831	bm25=1.462500	final=0.189768	row=505893
231	FBIS3-27619	ce=-0.581241	bm25=1.470500	final=0.189291	row=238821
232	FBIS3-41105	ce=-0.573463	bm25=1.467900	final=0.188926	row=377593
233	LA112489-0141	ce=0.157217	bm25=1.266200	final=0.187868	row=403564
234	FBIS4-25032	ce=-0.576965	bm25=1.467100	final=0.187553	row=505090
235	FBIS4-21302	ce=-0.030492	bm25=1.317000	final=0.187347	row=214402
236	FBIS3-52075	ce=-0.176801	bm25=1.356800	final=0.187101	row=9346
237	FBIS4-68499	ce=-0.576120	bm25=1.465600	final=0.186564	row=243137
238	FBIS4-16126	ce=-0.056928	bm25=1.323100	final=0.186451	row=342675
239	FT944-12173	ce=0.104330	bm25=1.277800	final=0.185605	row=420762
240	FBIS4-49499	ce=0.115487	bm25=1.274400	final=0.185339	row=506565
241	FBIS3-14832	ce=-0.582738	bm25=1.461398	final=0.181871	row=80780
242	FBIS3-18312	ce=-0.169943	bm25=1.347000	final=0.180923	row=179819
243	FBIS3-38562	ce=-0.210644	bm25=1.354300	final=0.177912	row=177282
244	FBIS4-66179	ce=-0.565383	bm25=1.448800	final=0.175756	row=341361
245	FBIS3-56334	ce=0.011628	bm25=1.290300	final=0.175529	row=509800
246	FBIS4-40746	ce=-0.124355	bm25=1.327500	final=0.175462	row=179023
247	LA101390-0083	ce=-0.212506	bm25=1.351600	final=0.175408	row=264246
248	FBIS4-22786	ce=-0.431696	bm25=1.410899	final=0.174784	row=472083
249	FBIS3-22049	ce=-0.447077	bm25=1.414999	final=0.174692	row=242230
250	LA021289-0192	ce=-0.433086	bm25=1.410900	final=0.174487	row=203659
251	FBIS4-26397	ce=-0.175296	bm25=1.339800	final=0.174162	row=308716
252	FBIS4-45564	ce=-0.175296	bm25=1.339799	final=0.174161	row=279378
253	FBIS3-23900	ce=-0.557224	bm25=1.443500	final=0.173367	row=378638
254	FBIS3-42953	ce=-0.517297	bm25=1.432300	final=0.173169	row=406317
255	FBIS3-26006	ce=-0.239638	bm25=1.356100	final=0.173115	row=173025
256	FBIS3-26913	ce=-0.248936	bm25=1.358200	final=0.172765	row=212377
257	FBIS4-19223	ce=-0.148075	bm25=1.329900	final=0.172262	row=309310
258	FBIS3-32965	ce=-0.467605	bm25=1.417500	final=0.172253	row=374905
259	FBIS4-46912	ce=-0.474078	bm25=1.417900	final=0.171180	row=209841
260	FBIS4-24388	ce=-0.414229	bm25=1.399600	final=0.169706	row=276379
261	FBIS3-41339	ce=-0.482801	bm25=1.417499	final=0.169002	row=214222
262	FBIS4-49431	ce=-0.579113	bm25=1.443800	final=0.168919	row=440874
263	FBIS4-41486	ce=-0.177977	bm25=1.333400	final=0.168596	row=113041
264	FBIS4-41572	ce=-0.177977	bm25=1.333399	final=0.168596	row=443912
265	FBIS3-60984	ce=-0.332408	bm25=1.375000	final=0.168017	row=345123
266	FBIS4-14486	ce=-0.176823	bm25=1.331300	final=0.167205	row=372588
267	FBIS4-21037	ce=-0.176823	bm25=1.331299	final=0.167204	row=443773
268	FBIS4-60254	ce=-0.438474	bm25=1.402800	final=0.167017	row=311461
269	FBIS4-22785	ce=-0.532202	bm25=1.427500	final=0.166237	row=403987
270	FBIS4-41398	ce=-0.251478	bm25=1.349100	final=0.165123	row=210664
271	FBIS4-63515	ce=-0.574246	bm25=1.437399	final=0.164967	row=509852
272	FBIS4-49075	ce=-0.373985	bm25=1.381900	final=0.164507	row=114273
273	FBIS4-50898	ce=-0.516111	bm25=1.418500	final=0.162659	row=45946
274	FBIS4-22687	ce=-0.576501	bm25=1.434800	final=0.162457	row=174572
275	FBIS4-67028	ce=-0.536074	bm25=1.423600	final=0.162367	row=112777
276	FBIS4-68374	ce=-0.536723	bm25=1.423599	final=0.162228	row=338775
277	FBIS3-58025	ce=-0.332408	bm25=1.366900	final=0.161698	row=374196
278	FBIS3-58055	ce=-0.332408	bm25=1.366899	final=0.161698	row=339992
279	FBIS4-45189	ce=-0.181171	bm25=1.324500	final=0.160971	row=277686
280	FBIS3-21784	ce=-0.520295	bm25=1.416400	final=0.160126	row=110759
281	FBIS4-41958	ce=-0.220079	bm25=1.334000	final=0.160060	row=441421
282	FBIS4-40308	ce=-0.245117	bm25=1.340400	final=0.159697	row=344948
283	FBIS4-40416	ce=-0.148962	bm25=1.313100	final=0.158967	row=378809
284	FBIS3-21938	ce=-0.408289	bm25=1.383200	final=0.158184	row=210201
285	FBIS4-65446	ce=0.110639	bm25=1.240400	final=0.157781	row=180118
286	FBIS4-40470	ce=-0.196873	bm25=1.320900	final=0.154804	row=279444
287	FBIS4-67263	ce=-0.435250	bm25=1.385900	final=0.154524	row=16198
288	FBIS4-46584	ce=-0.139020	bm25=1.304200	final=0.154151	row=108362
289	FBIS3-21769	ce=-0.415704	bm25=1.380000	final=0.154102	row=475433
290	FBIS4-40720	ce=-0.448829	bm25=1.389000	final=0.154038	row=47562
291	LA062189-0052	ce=-0.367451	bm25=1.366600	final=0.153970	row=69768
292	FBIS4-9451	ce=-0.123712	bm25=1.298100	final=0.152667	row=508184
293	FBIS4-68508	ce=-0.582486	bm25=1.422900	final=0.151895	row=178174
294	FBIS4-41952	ce=-0.299830	bm25=1.344300	final=0.151037	row=77925
295	FBIS3-59284	ce=-0.304708	bm25=1.343700	final=0.149526	row=146919
296	FBIS4-39881	ce=-0.509591	bm25=1.399300	final=0.149076	row=12361
297	FBIS3-34317	ce=-0.061733	bm25=1.275200	final=0.148060	row=110995
298	FBIS3-57406	ce=-0.288032	bm25=1.337200	final=0.148022	row=45832
299	FBIS3-15218	ce=-0.584981	bm25=1.418499	final=0.147928	row=476322
300	FBIS3-26720	ce=-0.328606	bm25=1.347399	final=0.147300	row=214547
301	FBIS4-47661	ce=-0.222356	bm25=1.317600	final=0.146780	row=144572
302	FBIS4-40901	ce=-0.544780	bm25=1.405500	final=0.146387	row=478248
303	FBIS4-16250	ce=-0.560631	bm25=1.409800	final=0.146351	row=310345
304	FBIS4-2115	ce=-0.580459	bm25=1.415000	final=0.146166	row=472473
305	FBIS4-40942	ce=-0.574266	bm25=1.413100	final=0.146009	row=310439
306	FBIS4-43697	ce=-0.282890	bm25=1.331198	final=0.144440	row=510592
307	FBIS4-25332	ce=-0.477350	bm25=1.384400	final=0.144350	row=75609
308	FBIS4-30988	ce=-0.578066	bm25=1.410100	final=0.142856	row=376096
309	FBIS4-57722	ce=-0.381522	bm25=1.354400	final=0.141444	row=78254
310	FBIS4-43791	ce=-0.026811	bm25=1.257100	final=0.141410	row=445167
311	FBIS4-22675	ce=-0.583602	bm25=1.409300	final=0.141048	row=305867
312	FBIS4-26902	ce=-0.336912	bm25=1.341400	final=0.140844	row=8652
313	FBIS4-47244	ce=-0.568350	bm25=1.404000	final=0.140176	row=144720
314	LA041789-0010	ce=-0.346583	bm25=1.343100	final=0.140102	row=138747
315	FBIS3-13011	ce=-0.564707	bm25=1.402300	final=0.139629	row=207617
316	FBIS4-39326	ce=-0.583555	bm25=1.407400	final=0.139576	row=174845
317	FBIS3-55037	ce=-0.554222	bm25=1.393500	final=0.135007	row=8394
318	FBIS3-39430	ce=-0.095886	bm25=1.267700	final=0.134905	row=12877
319	FBIS3-51349	ce=-0.329426	bm25=1.331400	final=0.134645	row=175801
320	FBIS4-40041	ce=-0.548879	bm25=1.389700	final=0.133186	row=306136
321	FBIS4-3463	ce=-0.578001	bm25=1.393800	final=0.130155	row=45889
322	FR940429-0-00128	ce=-0.560422	bm25=1.388800	final=0.130015	row=414866
323	FBIS4-40358	ce=-0.295830	bm25=1.315100	final=0.129116	row=246609
324	FBIS3-15991	ce=-0.556233	bm25=1.386000	final=0.128727	row=140393
325	FBIS4-47205	ce=-0.579862	bm25=1.392300	final=0.128587	row=341755
326	FBIS4-26727	ce=-0.216361	bm25=1.290700	final=0.127080	row=406277
327	FBIS3-52701	ce=-0.464410	bm25=1.357600	final=0.126212	row=373708
328	FBIS3-37947	ce=-0.539508	bm25=1.377700	final=0.125829	row=506761
329	LA080489-0020	ce=-0.248382	bm25=1.296800	final=0.124989	row=298197
330	FBIS4-22214	ce=-0.493177	bm25=1.363400	final=0.124584	row=108684
331	FBIS3-11150	ce=-0.349331	bm25=1.323900	final=0.124538	row=214011
332	LA011489-0066	ce=-0.114662	bm25=1.259100	final=0.124181	row=38701
333	FBIS3-17006	ce=-0.291158	bm25=1.306998	final=0.123795	row=406332
334	FBIS3-51565	ce=-0.582479	bm25=1.384399	final=0.121864	row=339716
335	FBIS4-25476	ce=-0.420204	bm25=1.339000	final=0.121158	row=474696
336	FBIS4-16446	ce=-0.333631	bm25=1.314300	final=0.120407	row=511589
337	FBIS4-21249	ce=-0.525543	bm25=1.366200	final=0.119846	row=279109
338	FBIS4-66055	ce=-0.243023	bm25=1.286400	final=0.118023	row=245359
339	FBIS4-44181	ce=-0.541119	bm25=1.367900	final=0.117841	row=443048
340	FBIS3-42315	ce=-0.109395	bm25=1.249199	final=0.117585	row=47674
341	FBIS4-68848	ce=-0.530759	bm25=1.364600	final=0.117482	row=13347
342	FBIS4-40360	ce=-0.212502	bm25=1.276900	final=0.117141	row=246611
343	FBIS4-61191	ce=-0.568715	bm25=1.374500	final=0.117087	row=141293
344	FBIS4-20985	ce=-0.263592	bm25=1.290000	final=0.116432	row=277021
345	FBIS3-41285	ce=-0.117334	bm25=1.249200	final=0.115888	row=15878
346	FBIS3-11149	ce=-0.555850	bm25=1.369100	final=0.115626	row=278765
347	FBIS4-2356	ce=-0.575306	bm25=1.374000	final=0.115287	row=210137
348	FBIS4-62049	ce=-0.497218	bm25=1.351900	final=0.114749	row=277344
349	FBIS4-26002	ce=-0.574253	bm25=1.370000	final=0.112392	row=13964
350	FBIS3-15282	ce=-0.557906	bm25=1.362600	final=0.110116	row=242862
351	FBIS3-21743	ce=-0.581126	bm25=1.368400	final=0.109674	row=175402
352	FBIS3-25796	ce=-0.415092	bm25=1.321700	final=0.108757	row=411133
353	FBIS4-25161	ce=-0.369390	bm25=1.308499	final=0.108234	row=9129
354	FBIS4-33785	ce=-0.405797	bm25=1.317500	final=0.107469	row=442426
355	FBIS3-60007	ce=-0.564495	bm25=1.359700	final=0.106445	row=108838
356	FBIS3-45599	ce=-0.519706	bm25=1.347400	final=0.106430	row=246763
357	FBIS3-42646	ce=-0.560299	bm25=1.358199	final=0.106171	row=378531
358	FBIS3-36928	ce=-0.527611	bm25=1.349000	final=0.105987	row=173791
359	FBIS4-37425	ce=-0.439779	bm25=1.324200	final=0.105427	row=377326
360	FBIS4-7716	ce=-0.429918	bm25=1.320600	final=0.104728	row=107654
361	FBIS4-10965	ce=-0.239143	bm25=1.267500	final=0.104110	row=108169
362	FBIS4-49928	ce=-0.399687	bm25=1.310900	final=0.103628	row=42931
363	FBIS4-50209	ce=-0.440108	bm25=1.320800	final=0.102705	row=411946
364	FBIS3-45919	ce=-0.297902	bm25=1.279100	final=0.100592	row=342812
365	FBIS4-2048	ce=-0.576597	bm25=1.355500	final=0.100580	row=239084
366	FBIS3-17315	ce=-0.584771	bm25=1.357700	final=0.100548	row=306815
367	FBIS3-60093	ce=-0.501505	bm25=1.334298	final=0.100102	row=473700
368	FBIS3-21895	ce=-0.494123	bm25=1.331700	final=0.099655	row=11939
369	FBIS3-39908	ce=-0.392840	bm25=1.303700	final=0.099476	row=82072
370	FBIS3-61086	ce=-0.512681	bm25=1.335200	final=0.098416	row=478261
371	FBIS3-49567	ce=-0.499535	bm25=1.330400	final=0.097483	row=45320
372	FT923-14709	ce=-0.172400	bm25=1.240299	final=0.097167	row=157701
373	FBIS4-50026	ce=-0.551479	bm25=1.343300	final=0.096436	row=174100
374	FBIS4-51332	ce=-0.291585	bm25=1.272000	final=0.096404	row=214791
375	FR940429-0-00129	ce=-0.511432	bm25=1.331500	final=0.095797	row=482538
376	FBIS3-17514	ce=-0.550711	bm25=1.341300	final=0.095040	row=112022
377	FBIS4-44401	ce=-0.458552	bm25=1.315200	final=0.094392	row=176524
378	FBIS3-16455	ce=-0.539514	bm25=1.336300	final=0.093535	row=505367
379	FBIS4-22779	ce=-0.582711	bm25=1.348100	final=0.093501	row=403972
380	FBIS4-17807	ce=-0.538278	bm25=1.334500	final=0.092395	row=407507
381	FBIS4-47044	ce=-0.470215	bm25=1.313800	final=0.090805	row=510815
382	FBIS4-25975	ce=-0.452665	bm25=1.308800	final=0.090659	row=212097
383	FBIS4-59447	ce=-0.558736	bm25=1.336600	final=0.089658	row=12984
384	LA092090-0167	ce=-0.567656	bm25=1.337100	final=0.088140	row=329096
385	FBIS4-61760	ce=-0.569504	bm25=1.336999	final=0.087666	row=207028
386	FBIS4-50513	ce=-0.307031	bm25=1.264300	final=0.087095	row=146513
387	FBIS4-67149	ce=-0.436473	bm25=1.299600	final=0.086946	row=445997
388	FBIS4-21119	ce=-0.497067	bm25=1.316098	final=0.086855	row=244248
389	FBIS4-22423	ce=-0.497067	bm25=1.316097	final=0.086854	row=16273
390	FBIS4-40482	ce=-0.367498	bm25=1.278998	final=0.085627	row=345067
391	FBIS4-45235	ce=-0.376507	bm25=1.281400	final=0.085574	row=179374
392	FBIS4-26229	ce=-0.478541	bm25=1.308900	final=0.085202	row=78861
393	FBIS4-45239	ce=-0.332417	bm25=1.268799	final=0.085175	row=146336
394	FBIS4-68427	ce=-0.581183	bm25=1.337000	final=0.085169	row=308781
395	FBIS3-22088	ce=-0.473965	bm25=1.307100	final=0.084777	row=79466
396	FBIS3-46420	ce=-0.544870	bm25=1.326000	final=0.084355	row=371475
397	FBIS4-45296	ce=-0.249700	bm25=1.245000	final=0.084302	row=378550
398	FBIS3-4316	ce=-0.579013	bm25=1.334399	final=0.083604	row=240273
399	FBIS3-57274	ce=-0.491162	bm25=1.309500	final=0.082971	row=308364
400	FBIS4-2049	ce=-0.558305	bm25=1.327900	final=0.082964	row=404295
401	FBIS3-26218	ce=-0.552155	bm25=1.325800	final=0.082641	row=439948
402	FBIS4-1863	ce=-0.577898	bm25=1.332300	final=0.082205	row=76257
403	FBIS3-24181	ce=-0.495828	bm25=1.308700	final=0.081349	row=505058
404	FBIS3-49182	ce=-0.557889	bm25=1.325300	final=0.081025	row=43902
405	FBIS4-68350	ce=-0.479233	bm25=1.301700	final=0.079438	row=141960
406	FBIS3-30652	ce=-0.479556	bm25=1.299300	final=0.077497	row=9599
407	FBIS3-54945	ce=-0.433386	bm25=1.286500	final=0.077387	row=208318
408	FBIS4-45450	ce=-0.394952	bm25=1.274000	final=0.075857	row=279228
409	FBIS3-57153	ce=-0.522040	bm25=1.307099	final=0.074495	row=111117
410	FBIS4-32545	ce=-0.574494	bm25=1.319900	final=0.073261	row=11829
411	FBIS3-60000	ce=-0.561590	bm25=1.316100	final=0.073057	row=76183
412	FBIS4-16139	ce=-0.405721	bm25=1.273300	final=0.073008	row=342686
413	FBIS4-14860	ce=-0.579140	bm25=1.319600	final=0.072033	row=107293
414	FBIS4-25065	ce=-0.359486	bm25=1.258200	final=0.071118	row=305536
415	FBIS3-1926	ce=-0.384696	bm25=1.264000	final=0.070250	row=511416
416	LA040489-0112	ce=-0.269017	bm25=1.231900	final=0.069952	row=101963
417	FBIS3-45756	ce=-0.409046	bm25=1.269200	final=0.069099	row=477997
418	FBIS4-50478	ce=-0.483346	bm25=1.288500	final=0.068262	row=478524
419	LA051590-0064	ce=-0.549565	bm25=1.305900	final=0.067672	row=464030
420	FBIS3-3412	ce=-0.534620	bm25=1.301400	final=0.067358	row=441839
421	FBIS4-64343	ce=-0.574978	bm25=1.311600	final=0.066683	row=10472
422	FBIS3-24337	ce=-0.568159	bm25=1.309100	final=0.066191	row=10746
423	FBIS4-44396	ce=-0.563827	bm25=1.306500	final=0.065090	row=45253
424	FBIS3-55932	ce=-0.575596	bm25=1.309200	final=0.064679	row=78584
425	FBIS3-11210	ce=-0.489959	bm25=1.284700	final=0.063884	row=49060
426	FBIS3-21908	ce=-0.489959	bm25=1.284699	final=0.063883	row=143589
427	FT943-12746	ce=-0.503150	bm25=1.287299	final=0.063090	row=20268
428	LA032790-0103	ce=-0.347879	bm25=1.244299	final=0.062757	row=402903
429	FBIS3-24037	ce=-0.582158	bm25=1.308500	final=0.062729	row=239551
430	FBIS4-22305	ce=-0.580752	bm25=1.307500	final=0.062250	row=509739
431	FBIS4-65896	ce=-0.512102	bm25=1.287600	final=0.061410	row=114637
432	LA041789-0046	ce=-0.574792	bm25=1.300600	final=0.058143	row=369558
433	FBIS4-45157	ce=-0.458526	bm25=1.267200	final=0.056956	row=47831
434	FBIS3-3921	ce=-0.577844	bm25=1.298700	final=0.056008	row=306645
435	FBIS3-37944	ce=-0.584665	bm25=1.299500	final=0.055173	row=110313
436	FBIS3-20431	ce=-0.560574	bm25=1.291600	final=0.054163	row=443929
437	FBIS4-39228	ce=-0.553520	bm25=1.289200	final=0.053800	row=439864
438	LA070289-0034	ce=-0.580329	bm25=1.296500	final=0.053760	row=331471
439	FBIS3-2605	ce=-0.336010	bm25=1.229400	final=0.053674	row=376678
440	FBIS4-68723	ce=-0.575870	bm25=1.294600	final=0.053232	row=445091
441	FBIS3-17422	ce=-0.565192	bm25=1.291100	final=0.052786	row=508348
442	FBIS4-17806	ce=-0.442406	bm25=1.256800	final=0.052291	row=11623
443	FBIS4-53477	ce=-0.356553	bm25=1.232100	final=0.051386	row=343306
444	FBIS4-45489	ce=-0.510999	bm25=1.274399	final=0.051349	row=115213
445	FBIS4-14406	ce=-0.562404	bm25=1.288399	final=0.051275	row=208187
446	FBIS3-41076	ce=-0.584249	bm25=1.293100	final=0.050270	row=310832
447	FBIS3-51824	ce=-0.584249	bm25=1.293099	final=0.050269	row=439245
448	FBIS4-25614	ce=-0.566354	bm25=1.287500	final=0.049729	row=506712
449	FBIS4-24523	ce=-0.444420	bm25=1.253200	final=0.049052	row=211799
450	FBIS4-68471	ce=-0.569729	bm25=1.287298	final=0.048849	row=111828
451	FBIS3-42715	ce=-0.533326	bm25=1.276700	final=0.048369	row=412181
452	FBIS4-20341	ce=-0.478356	bm25=1.260900	final=0.047801	row=405491
453	FBIS4-46817	ce=-0.499638	bm25=1.266700	final=0.047773	row=406912
454	FBIS4-22306	ce=-0.524670	bm25=1.273500	final=0.047724	row=478206
455	FR940429-0-00132	ce=-0.584971	bm25=1.286900	final=0.045279	row=513696
456	FBIS3-42920	ce=-0.586970	bm25=1.287300	final=0.045164	row=505920
457	FBIS3-36540	ce=-0.554877	bm25=1.274500	final=0.042043	row=476873
458	FBIS3-41291	ce=-0.555351	bm25=1.274297	final=0.041783	row=49197
459	FBIS3-36869	ce=-0.555653	bm25=1.274298	final=0.041720	row=243633
460	FBIS4-51255	ce=-0.426981	bm25=1.238900	final=0.041628	row=16387
461	FBIS4-17753	ce=-0.451004	bm25=1.244300	final=0.040702	row=274500
462	FBIS4-59328	ce=-0.453937	bm25=1.244499	final=0.040230	row=145308
463	FBIS3-24047	ce=-0.580412	bm25=1.279099	final=0.040169	row=371564
464	FBIS3-14242	ce=-0.568798	bm25=1.272400	final=0.037428	row=14204
465	FBIS3-3303	ce=-0.479362	bm25=1.245300	final=0.035417	row=310566
466	FBIS4-18028	ce=-0.574504	bm25=1.270400	final=0.034647	row=306994
467	FBIS3-44864	ce=-0.574325	bm25=1.268800	final=0.033438	row=272045
468	FBIS3-26367	ce=-0.571796	bm25=1.267699	final=0.033120	row=113318
469	FBIS3-58540	ce=-0.577408	bm25=1.268000	final=0.032154	row=505104
470	FBIS4-57133	ce=-0.521527	bm25=1.251400	final=0.031157	row=378416
471	FBIS4-67160	ce=-0.521527	bm25=1.251399	final=0.031156	row=16096
472	FBIS3-24162	ce=-0.582842	bm25=1.266500	final=0.029822	row=75751
473	FBIS4-26038	ce=-0.579172	bm25=1.263000	final=0.027877	row=212182
474	FBIS4-40140	ce=-0.582559	bm25=1.262100	final=0.026450	row=505831
475	FBIS3-45676	ce=-0.523288	bm25=1.245100	final=0.025866	row=212368
476	FBIS3-33991	ce=-0.583470	bm25=1.258000	final=0.023057	row=174752
477	FBIS4-49547	ce=-0.543229	bm25=1.246500	final=0.022693	row=274159
478	FBIS4-22721	ce=-0.578577	bm25=1.254300	final=0.021218	row=505538
479	FBIS4-39978	ce=-0.540792	bm25=1.243900	final=0.021187	row=109109
480	FBIS3-2934	ce=-0.546942	bm25=1.244600	final=0.020417	row=246624
481	LA022089-0058	ce=-0.514092	bm25=1.234000	final=0.019175	row=137493
482	FBIS3-37086	ce=-0.583777	bm25=1.253100	final=0.019170	row=272505
483	FBIS4-50212	ce=-0.520182	bm25=1.234300	final=0.018106	row=147781
484	FBIS3-9005	ce=-0.573430	bm25=1.248600	final=0.017872	row=145974
485	LA042189-0086	ce=-0.526453	bm25=1.235700	final=0.017857	row=329249
486	FR940202-2-00154	ce=-0.584978	bm25=1.250000	final=0.016494	row=50276
487	FBIS3-50136	ce=-0.556591	bm25=1.242100	final=0.016404	row=16002
488	FBIS4-22180	ce=-0.538668	bm25=1.235900	final=0.015401	row=439401
489	FBIS3-24091	ce=-0.548928	bm25=1.238700	final=0.015390	row=404942
490	FBIS4-1898	ce=-0.550624	bm25=1.238300	final=0.014716	row=108980
491	FBIS4-9378	ce=-0.538164	bm25=1.234299	final=0.014260	row=46108
492	FBIS3-40077	ce=-0.530501	bm25=1.231100	final=0.013403	row=143443
493	FBIS3-17056	ce=-0.579905	bm25=1.244500	final=0.013289	row=474311
494	FBIS3-37727	ce=-0.574072	bm25=1.241400	final=0.012119	row=373647
495	FBIS4-18033	ce=-0.562527	bm25=1.236700	final=0.010922	row=175525
496	FBIS4-47110	ce=-0.577273	bm25=1.240700	final=0.010888	row=48924
497	FBIS3-54473	ce=-0.580530	bm25=1.239700	final=0.009411	row=143532
498	FBIS3-8377	ce=-0.561995	bm25=1.232700	final=0.007916	row=376744
499	FBIS3-56826	ce=-0.563164	bm25=1.231800	final=0.006963	row=178901
500	FBIS3-23751	ce=-0.586459	bm25=1.234500	final=0.004087	row=244061
501	LA041390-0083	ce=nan	bm25=1.229000	final=-inf	row=332013
502	FBIS4-62474	ce=nan	bm25=1.228800	final=-inf	row=279459
503	FBIS4-24386	ce=nan	bm25=1.228000	final=-inf	row=276376
504	FBIS4-17750	ce=nan	bm25=1.227500	final=-inf	row=274497
505	FBIS4-18764	ce=nan	bm25=1.227000	final=-inf	row=305610
506	FBIS4-46996	ce=nan	bm25=1.226999	final=-inf	row=278295
507	FBIS3-4743	ce=nan	bm25=1.226600	final=-inf	row=479782
508	FBIS3-10683	ce=nan	bm25=1.224700	final=-inf	row=438325
509	FBIS4-33483	ce=nan	bm25=1.224699	final=-inf	row=276748
510	FBIS4-33498	ce=nan	bm25=1.224698	final=-inf	row=342173
511	FBIS4-36212	ce=nan	bm25=1.224697	final=-inf	row=76099
512	FBIS3-55266	ce=nan	bm25=1.223900	final=-inf	row=504122
513	FBIS4-61382	ce=nan	bm25=1.223700	final=-inf	row=505231
514	FBIS4-47087	ce=nan	bm25=1.223400	final=-inf	row=15541
515	FBIS3-24009	ce=nan	bm25=1.222800	final=-inf	row=444540
516	FBIS3-24133	ce=nan	bm25=1.222700	final=-inf	row=272584
517	FBIS4-41221	ce=nan	bm25=1.222600	final=-inf	row=111258
518	FT944-8297	ce=nan	bm25=1.222400	final=-inf	row=353145
519	FBIS4-37795	ce=nan	bm25=1.222299	final=-inf	row=214025
520	FBIS4-61897	ce=nan	bm25=1.222000	final=-inf	row=272276
521	FBIS4-67116	ce=nan	bm25=1.221000	final=-inf	row=279105
522	FBIS3-49864	ce=nan	bm25=1.220999	final=-inf	row=343086
523	FBIS3-8364	ce=nan	bm25=1.220800	final=-inf	row=113090
524	FBIS3-24359	ce=nan	bm25=1.219200	final=-inf	row=406672
525	LA091190-0056	ce=nan	bm25=1.218600	final=-inf	row=237904
526	FBIS3-41103	ce=nan	bm25=1.218200	final=-inf	row=146815
527	FBIS3-46172	ce=nan	bm25=1.218199	final=-inf	row=473432
528	FBIS3-22103	ce=nan	bm25=1.218000	final=-inf	row=341521
529	FBIS3-24329	ce=nan	bm25=1.217999	final=-inf	row=506180
530	FBIS3-41941	ce=nan	bm25=1.217898	final=-inf	row=174481
531	FBIS4-1764	ce=nan	bm25=1.217400	final=-inf	row=374807
532	FBIS4-41136	ce=nan	bm25=1.217100	final=-inf	row=45643
533	FBIS3-24051	ce=nan	bm25=1.216800	final=-inf	row=108084
534	FBIS4-55033	ce=nan	bm25=1.215500	final=-inf	row=44035
535	FBIS4-60252	ce=nan	bm25=1.215200	final=-inf	row=479467
536	FBIS4-3074	ce=nan	bm25=1.215000	final=-inf	row=49511
537	FBIS4-41047	ce=nan	bm25=1.214700	final=-inf	row=210439
538	LA012490-0173	ce=nan	bm25=1.212800	final=-inf	row=37798
539	FBIS4-68531	ce=nan	bm25=1.212400	final=-inf	row=211791
540	FT942-8808	ce=nan	bm25=1.212000	final=-inf	row=28775
541	FBIS4-45346	ce=nan	bm25=1.211800	final=-inf	row=147926
542	FBIS3-12487	ce=nan	bm25=1.211700	final=-inf	row=47057
543	FBIS4-20962	ce=nan	bm25=1.211500	final=-inf	row=112881
544	FBIS3-48645	ce=nan	bm25=1.211300	final=-inf	row=338404
545	FBIS4-68845	ce=nan	bm25=1.210900	final=-inf	row=112235
546	FR940804-0-00103	ce=nan	bm25=1.209500	final=-inf	row=512532
547	FBIS3-38466	ce=nan	bm25=1.209200	final=-inf	row=111452
548	FBIS3-41087	ce=nan	bm25=1.209199	final=-inf	row=14995
549	FBIS3-42829	ce=nan	bm25=1.209098	final=-inf	row=110757
550	FBIS4-33862	ce=nan	bm25=1.208997	final=-inf	row=442501
551	LA062990-0042	ce=nan	bm25=1.208700	final=-inf	row=102805
552	FBIS4-2039	ce=nan	bm25=1.208599	final=-inf	row=173202
553	FBIS4-62695	ce=nan	bm25=1.207900	final=-inf	row=378973
554	FBIS4-39807	ce=nan	bm25=1.207800	final=-inf	row=12307
555	LA122090-0183	ce=nan	bm25=1.207700	final=-inf	row=430894
556	FBIS3-47803	ce=nan	bm25=1.206500	final=-inf	row=243200
557	LA080590-0172	ce=nan	bm25=1.205900	final=-inf	row=432063
558	FBIS4-46819	ce=nan	bm25=1.205899	final=-inf	row=109997
559	FBIS4-41847	ce=nan	bm25=1.205200	final=-inf	row=339770
560	FBIS3-46030	ce=nan	bm25=1.204700	final=-inf	row=9541
561	FBIS4-51202	ce=nan	bm25=1.204400	final=-inf	row=49557
562	FBIS4-22688	ce=nan	bm25=1.204100	final=-inf	row=76214
563	FBIS3-34561	ce=nan	bm25=1.204000	final=-inf	row=473987
564	FBIS4-17355	ce=nan	bm25=1.203999	final=-inf	row=272156
565	FBIS4-19851	ce=nan	bm25=1.203500	final=-inf	row=146936
566	FBIS4-68221	ce=nan	bm25=1.203400	final=-inf	row=110901
567	FBIS3-15509	ce=nan	bm25=1.203399	final=-inf	row=342147
568	FBIS4-42499	ce=nan	bm25=1.203298	final=-inf	row=337660
569	FT943-13315	ce=nan	bm25=1.202900	final=-inf	row=315762
570	FBIS3-41406	ce=nan	bm25=1.202600	final=-inf	row=15987
571	FBIS3-42820	ce=nan	bm25=1.202599	final=-inf	row=110743
572	FBIS4-39233	ce=nan	bm25=1.202498	final=-inf	row=10127
573	LA052790-0211	ce=nan	bm25=1.202100	final=-inf	row=396571
574	FBIS3-41312	ce=nan	bm25=1.202099	final=-inf	row=511271
575	FBIS3-12212	ce=nan	bm25=1.201300	final=-inf	row=79083
576	FBIS3-42567	ce=nan	bm25=1.201000	final=-inf	row=309946
577	FBIS4-20367	ce=nan	bm25=1.200600	final=-inf	row=273041
578	FBIS3-41158	ce=nan	bm25=1.200500	final=-inf	row=479551
579	FBIS3-59484	ce=nan	bm25=1.200499	final=-inf	row=13576
580	FBIS4-17391	ce=nan	bm25=1.200300	final=-inf	row=404656
581	FBIS4-41108	ce=nan	bm25=1.199800	final=-inf	row=374816
582	FBIS4-24788	ce=nan	bm25=1.199100	final=-inf	row=243289
583	FR940429-0-00134	ce=nan	bm25=1.199099	final=-inf	row=249172
584	FBIS4-2649	ce=nan	bm25=1.198300	final=-inf	row=113552
585	FBIS4-15599	ce=nan	bm25=1.197900	final=-inf	row=47584
586	FBIS3-23672	ce=nan	bm25=1.197800	final=-inf	row=409666
587	FBIS3-24326	ce=nan	bm25=1.197799	final=-inf	row=406556
588	FBIS3-11103	ce=nan	bm25=1.197500	final=-inf	row=344305
589	FBIS3-21987	ce=nan	bm25=1.197499	final=-inf	row=110873
590	FBIS3-24088	ce=nan	bm25=1.197398	final=-inf	row=173932
591	FT942-1021	ce=nan	bm25=1.197297	final=-inf	row=524035
592	FBIS3-56360	ce=nan	bm25=1.196900	final=-inf	row=378810
593	FBIS4-22070	ce=nan	bm25=1.196700	final=-inf	row=438595
594	FBIS4-45596	ce=nan	bm25=1.196100	final=-inf	row=181114
595	FBIS3-10169	ce=nan	bm25=1.195200	final=-inf	row=45627
596	FBIS4-21079	ce=nan	bm25=1.194100	final=-inf	row=477823
597	FBIS4-67341	ce=nan	bm25=1.194000	final=-inf	row=412213
598	FBIS4-51086	ce=nan	bm25=1.193300	final=-inf	row=310130
599	FBIS3-42341	ce=nan	bm25=1.193200	final=-inf	row=179117
600	FBIS4-46711	ce=nan	bm25=1.193100	final=-inf	row=42644
601	FBIS4-15871	ce=nan	bm25=1.193099	final=-inf	row=111283
602	FBIS4-22787	ce=nan	bm25=1.192700	final=-inf	row=206408
603	FBIS3-23945	ce=nan	bm25=1.192300	final=-inf	row=212796
604	FT944-15444	ce=nan	bm25=1.192200	final=-inf	row=23501
605	FBIS4-2511	ce=nan	bm25=1.192099	final=-inf	row=78401
606	FBIS3-60066	ce=nan	bm25=1.191500	final=-inf	row=405671
607	FBIS3-41272	ce=nan	bm25=1.190800	final=-inf	row=49181
608	FBIS4-50800	ce=nan	bm25=1.190699	final=-inf	row=476145
609	FBIS4-67942	ce=nan	bm25=1.190500	final=-inf	row=438303
610	LA113090-0091	ce=nan	bm25=1.190200	final=-inf	row=396951
611	LA121990-0141	ce=nan	bm25=1.190100	final=-inf	row=267876
612	FBIS3-32179	ce=nan	bm25=1.189900	final=-inf	row=210957
613	FBIS4-24890	ce=nan	bm25=1.189700	final=-inf	row=473164
614	FBIS4-11668	ce=nan	bm25=1.189600	final=-inf	row=309251
615	FBIS3-45601	ce=nan	bm25=1.189300	final=-inf	row=214778
616	FBIS4-60945	ce=nan	bm25=1.189100	final=-inf	row=110552
617	LA100889-0040	ce=nan	bm25=1.188800	final=-inf	row=334421
618	FBIS4-17800	ce=nan	bm25=1.187700	final=-inf	row=339875
619	FBIS4-22330	ce=nan	bm25=1.187600	final=-inf	row=342913
620	FBIS3-32620	ce=nan	bm25=1.187200	final=-inf	row=342642
621	FBIS3-45180	ce=nan	bm25=1.187199	final=-inf	row=473268
622	LA053190-0210	ce=nan	bm25=1.186200	final=-inf	row=199398
623	FBIS4-19019	ce=nan	bm25=1.186000	final=-inf	row=177802
624	FBIS4-7390	ce=nan	bm25=1.185700	final=-inf	row=10344
625	FBIS4-45068	ce=nan	bm25=1.185100	final=-inf	row=244614
626	FBIS4-9354	ce=nan	bm25=1.184900	final=-inf	row=275622
627	FBIS3-32619	ce=nan	bm25=1.183100	final=-inf	row=277304
628	FBIS4-47254	ce=nan	bm25=1.182700	final=-inf	row=341358
629	FBIS3-22101	ce=nan	bm25=1.182500	final=-inf	row=13269
630	FBIS3-24318	ce=nan	bm25=1.182499	final=-inf	row=506160
631	LA091789-0006	ce=nan	bm25=1.181900	final=-inf	row=106910
632	FBIS3-55423	ce=nan	bm25=1.181300	final=-inf	row=273409
633	LA051589-0030	ce=nan	bm25=1.180900	final=-inf	row=134366
634	FBIS4-22444	ce=nan	bm25=1.180600	final=-inf	row=115339
635	FT942-852	ce=nan	bm25=1.180300	final=-inf	row=160922
636	FBIS4-21169	ce=nan	bm25=1.179700	final=-inf	row=47442
637	FBIS4-7534	ce=nan	bm25=1.179600	final=-inf	row=173220
638	LA120689-0039	ce=nan	bm25=1.179400	final=-inf	row=7907
639	FBIS3-15271	ce=nan	bm25=1.179100	final=-inf	row=144371
640	FBIS4-3077	ce=nan	bm25=1.178900	final=-inf	row=214488
641	LA101590-0071	ce=nan	bm25=1.178600	final=-inf	row=202127
642	LA020589-0053	ce=nan	bm25=1.178100	final=-inf	row=105544
643	FBIS4-17863	ce=nan	bm25=1.177500	final=-inf	row=506909
644	FBIS4-51335	ce=nan	bm25=1.177300	final=-inf	row=312230
645	FBIS4-31589	ce=nan	bm25=1.177100	final=-inf	row=278124
646	FBIS3-2539	ce=nan	bm25=1.176500	final=-inf	row=507930
647	FBIS4-4077	ce=nan	bm25=1.176499	final=-inf	row=142975
648	FBIS3-23302	ce=nan	bm25=1.176398	final=-inf	row=76951
649	FBIS3-22102	ce=nan	bm25=1.175900	final=-inf	row=476907
650	FBIS3-3020	ce=nan	bm25=1.174900	final=-inf	row=115376
651	FBIS4-46905	ce=nan	bm25=1.174800	final=-inf	row=274582
652	LA011189-0096	ce=nan	bm25=1.174500	final=-inf	row=67755
653	FBIS4-58611	ce=nan	bm25=1.174400	final=-inf	row=510944
654	LA052390-0070	ce=nan	bm25=1.173700	final=-inf	row=41556
655	FBIS3-9817	ce=nan	bm25=1.173500	final=-inf	row=440197
656	FBIS4-26192	ce=nan	bm25=1.173399	final=-inf	row=242641
657	FBIS4-66838	ce=nan	bm25=1.173398	final=-inf	row=112550
658	FBIS3-17547	ce=nan	bm25=1.172900	final=-inf	row=112046
659	LA100790-0068	ce=nan	bm25=1.172700	final=-inf	row=435057
660	FBIS4-21036	ce=nan	bm25=1.172500	final=-inf	row=509382
661	FBIS4-11217	ce=nan	bm25=1.172100	final=-inf	row=505072
662	FBIS4-9842	ce=nan	bm25=1.171999	final=-inf	row=274404
663	FBIS4-68439	ce=nan	bm25=1.171700	final=-inf	row=408578
664	FBIS4-59139	ce=nan	bm25=1.171400	final=-inf	row=13550
665	FBIS4-25224	ce=nan	bm25=1.171299	final=-inf	row=239548
666	FBIS3-37772	ce=nan	bm25=1.169900	final=-inf	row=474848
667	FBIS4-61621	ce=nan	bm25=1.168700	final=-inf	row=337252
668	FBIS4-39473	ce=nan	bm25=1.167800	final=-inf	row=109300
669	LA082690-0034	ce=nan	bm25=1.166000	final=-inf	row=466871
670	LA061490-0199	ce=nan	bm25=1.165900	final=-inf	row=166632
671	FBIS3-42245	ce=nan	bm25=1.165600	final=-inf	row=173681
672	LA120689-0037	ce=nan	bm25=1.164600	final=-inf	row=403566
673	FBIS3-36586	ce=nan	bm25=1.164500	final=-inf	row=211531
674	FBIS4-22235	ce=nan	bm25=1.164400	final=-inf	row=9793
675	FBIS3-46142	ce=nan	bm25=1.164200	final=-inf	row=439378
676	FBIS4-60251	ce=nan	bm25=1.163900	final=-inf	row=511016
677	FBIS3-1739	ce=nan	bm25=1.163700	final=-inf	row=473200
678	FBIS3-59285	ce=nan	bm25=1.163600	final=-inf	row=146921
679	FBIS4-21168	ce=nan	bm25=1.163200	final=-inf	row=80296
680	FBIS3-3729	ce=nan	bm25=1.163100	final=-inf	row=240701
681	FBIS4-20388	ce=nan	bm25=1.162800	final=-inf	row=338351
682	FT923-2348	ce=nan	bm25=1.162100	final=-inf	row=521064
683	FBIS4-2312	ce=nan	bm25=1.160900	final=-inf	row=142247
684	FBIS4-16049	ce=nan	bm25=1.160500	final=-inf	row=310195
685	LA111989-0022	ce=nan	bm25=1.160400	final=-inf	row=203234
686	FBIS4-54887	ce=nan	bm25=1.160300	final=-inf	row=374316
687	LA080790-0058	ce=nan	bm25=1.160200	final=-inf	row=370480
688	FBIS4-21261	ce=nan	bm25=1.160100	final=-inf	row=279128
689	FBIS3-55202	ce=nan	bm25=1.159800	final=-inf	row=336842
690	FBIS3-3728	ce=nan	bm25=1.159400	final=-inf	row=240700
691	FBIS4-41653	ce=nan	bm25=1.159399	final=-inf	row=409977
692	FBIS4-41661	ce=nan	bm25=1.159398	final=-inf	row=212428
693	FR940303-1-00019	ce=nan	bm25=1.159200	final=-inf	row=282136
694	FBIS4-24255	ce=nan	bm25=1.158300	final=-inf	row=13410
695	FBIS3-45003	ce=nan	bm25=1.157200	final=-inf	row=173583
696	FBIS4-50842	ce=nan	bm25=1.156200	final=-inf	row=144193
697	LA042890-0021	ce=nan	bm25=1.155900	final=-inf	row=466831
698	FBIS3-12190	ce=nan	bm25=1.155600	final=-inf	row=341060
699	LA081090-0083	ce=nan	bm25=1.154900	final=-inf	row=5125
700	FBIS3-42779	ce=nan	bm25=1.154700	final=-inf	row=47885
701	FBIS4-66264	ce=nan	bm25=1.154600	final=-inf	row=472625
702	FBIS4-41393	ce=nan	bm25=1.154400	final=-inf	row=210658
703	FBIS3-26005	ce=nan	bm25=1.154200	final=-inf	row=404058
704	FBIS3-41163	ce=nan	bm25=1.154199	final=-inf	row=180640
705	FBIS4-31249	ce=nan	bm25=1.153800	final=-inf	row=479380
706	FBIS4-13484	ce=nan	bm25=1.153400	final=-inf	row=472471
707	LA041689-0147	ce=nan	bm25=1.153399	final=-inf	row=300344
708	LA081189-0074	ce=nan	bm25=1.152900	final=-inf	row=434411
709	LA061190-0035	ce=nan	bm25=1.152100	final=-inf	row=400359
710	FBIS3-15596	ce=nan	bm25=1.151800	final=-inf	row=112697
711	FBIS4-13186	ce=nan	bm25=1.151799	final=-inf	row=208034
712	FBIS3-23087	ce=nan	bm25=1.151600	final=-inf	row=306458
713	FBIS4-61772	ce=nan	bm25=1.151500	final=-inf	row=272187
714	FBIS4-865	ce=nan	bm25=1.151200	final=-inf	row=278593
715	FBIS4-40369	ce=nan	bm25=1.150800	final=-inf	row=344985
716	FBIS3-35563	ce=nan	bm25=1.149600	final=-inf	row=245579
717	FBIS4-17002	ce=nan	bm25=1.149599	final=-inf	row=9770
718	FBIS3-23741	ce=nan	bm25=1.148800	final=-inf	row=178656
719	FBIS4-25723	ce=nan	bm25=1.148700	final=-inf	row=110378
720	FBIS4-38408	ce=nan	bm25=1.148300	final=-inf	row=304244
721	FBIS4-21105	ce=nan	bm25=1.147200	final=-inf	row=47375
722	LA071389-0002	ce=nan	bm25=1.146700	final=-inf	row=398906
723	FBIS4-67161	ce=nan	bm25=1.146600	final=-inf	row=412066
724	LA120990-0137	ce=nan	bm25=1.146599	final=-inf	row=303597
725	LA092390-0036	ce=nan	bm25=1.146598	final=-inf	row=74681
726	FT924-227	ce=nan	bm25=1.146300	final=-inf	row=124617
727	LA010790-0228	ce=nan	bm25=1.146299	final=-inf	row=365498
728	FBIS4-38501	ce=nan	bm25=1.146100	final=-inf	row=503975
729	FBIS4-8584	ce=nan	bm25=1.145000	final=-inf	row=10577
730	FBIS4-15109	ce=nan	bm25=1.144500	final=-inf	row=74916
731	FBIS4-2512	ce=nan	bm25=1.144400	final=-inf	row=441864
732	FBIS3-12196	ce=nan	bm25=1.144200	final=-inf	row=408622
733	FBIS4-40929	ce=nan	bm25=1.144199	final=-inf	row=410286
734	LA051689-0057	ce=nan	bm25=1.144098	final=-inf	row=268618
735	FBIS4-56524	ce=nan	bm25=1.143997	final=-inf	row=308727
736	FBIS4-67046	ce=nan	bm25=1.143996	final=-inf	row=178626
737	FBIS4-22175	ce=nan	bm25=1.143600	final=-inf	row=372029
738	FBIS4-22648	ce=nan	bm25=1.143599	final=-inf	row=476151
739	FBIS4-45140	ce=nan	bm25=1.143598	final=-inf	row=509867
740	LA012190-0054	ce=nan	bm25=1.143497	final=-inf	row=401996
741	FBIS4-60255	ce=nan	bm25=1.143300	final=-inf	row=48976
742	LA051089-0145	ce=nan	bm25=1.143100	final=-inf	row=336600
743	FBIS3-36039	ce=nan	bm25=1.142900	final=-inf	row=245473
744	FBIS3-48408	ce=nan	bm25=1.142400	final=-inf	row=475893
745	FBIS3-12458	ce=nan	bm25=1.142399	final=-inf	row=509078
746	FBIS3-21731	ce=nan	bm25=1.142200	final=-inf	row=506145
747	FBIS3-60989	ce=nan	bm25=1.141400	final=-inf	row=279522
748	FR941230-2-00152	ce=nan	bm25=1.141200	final=-inf	row=380296
749	FBIS4-2514	ce=nan	bm25=1.140900	final=-inf	row=12084
750	FBIS4-40449	ce=nan	bm25=1.140000	final=-inf	row=279429
751	FBIS4-57187	ce=nan	bm25=1.139600	final=-inf	row=344624
752	LA062289-0149	ce=nan	bm25=1.138500	final=-inf	row=300193
753	FBIS3-18609	ce=nan	bm25=1.137400	final=-inf	row=344441
754	LA041289-0059	ce=nan	bm25=1.137100	final=-inf	row=3211
755	LA021389-0053	ce=nan	bm25=1.137000	final=-inf	row=172625
756	FBIS4-40262	ce=nan	bm25=1.136400	final=-inf	row=10390
757	LA041990-0076	ce=nan	bm25=1.136399	final=-inf	row=401125
758	FBIS4-9681	ce=nan	bm25=1.135000	final=-inf	row=309749
759	FBIS3-39566	ce=nan	bm25=1.134900	final=-inf	row=444476
760	FBIS3-41385	ce=nan	bm25=1.134899	final=-inf	row=511340
761	FBIS4-54977	ce=nan	bm25=1.134700	final=-inf	row=142249
762	FBIS4-56440	ce=nan	bm25=1.134599	final=-inf	row=507976
763	FBIS3-5774	ce=nan	bm25=1.134200	final=-inf	row=245340
764	FBIS3-33012	ce=nan	bm25=1.133900	final=-inf	row=144022
765	FBIS4-40359	ce=nan	bm25=1.133500	final=-inf	row=246610
766	FBIS4-42038	ce=nan	bm25=1.133200	final=-inf	row=44977
767	LA042990-0110	ce=nan	bm25=1.132300	final=-inf	row=265367
768	LA091290-0088	ce=nan	bm25=1.132100	final=-inf	row=66685
769	FBIS4-68416	ce=nan	bm25=1.131900	final=-inf	row=406132
770	FBIS3-24071	ce=nan	bm25=1.131899	final=-inf	row=75633
771	FBIS4-12997	ce=nan	bm25=1.131798	final=-inf	row=439573
772	LA052589-0092	ce=nan	bm25=1.131797	final=-inf	row=106409
773	FBIS4-66241	ce=nan	bm25=1.131696	final=-inf	row=46761
774	FBIS3-42857	ce=nan	bm25=1.130800	final=-inf	row=340156
775	FBIS4-67029	ce=nan	bm25=1.130600	final=-inf	row=509230
776	FBIS4-25262	ce=nan	bm25=1.130400	final=-inf	row=305131
777	FBIS3-35572	ce=nan	bm25=1.130299	final=-inf	row=411291
778	FBIS4-61085	ce=nan	bm25=1.130298	final=-inf	row=78103
779	FBIS3-57938	ce=nan	bm25=1.129700	final=-inf	row=339887
780	FBIS4-16732	ce=nan	bm25=1.129400	final=-inf	row=446374
781	FBIS4-40721	ce=nan	bm25=1.129200	final=-inf	row=14346
782	FBIS4-51166	ce=nan	bm25=1.129199	final=-inf	row=279364
783	FBIS4-41062	ce=nan	bm25=1.129000	final=-inf	row=340442
784	FBIS4-46768	ce=nan	bm25=1.128400	final=-inf	row=44297
785	LA021790-0106	ce=nan	bm25=1.128100	final=-inf	row=167919
786	FBIS4-62028	ce=nan	bm25=1.127700	final=-inf	row=444035
787	FBIS4-11360	ce=nan	bm25=1.127600	final=-inf	row=438992
788	FBIS4-35054	ce=nan	bm25=1.127499	final=-inf	row=9114
789	FBIS4-26053	ce=nan	bm25=1.127300	final=-inf	row=47240
790	FBIS4-13841	ce=nan	bm25=1.127200	final=-inf	row=338767
791	LA101290-0046	ce=nan	bm25=1.126900	final=-inf	row=399899
792	FBIS4-40103	ce=nan	bm25=1.126700	final=-inf	row=76538
793	FBIS3-6453	ce=nan	bm25=1.126600	final=-inf	row=209252
794	FBIS4-64903	ce=nan	bm25=1.126400	final=-inf	row=8630
795	FBIS3-18733	ce=nan	bm25=1.126300	final=-inf	row=376090
796	FBIS4-50806	ce=nan	bm25=1.126299	final=-inf	row=275413
797	FBIS3-10603	ce=nan	bm25=1.125600	final=-inf	row=503965
798	FBIS3-19181	ce=nan	bm25=1.125500	final=-inf	row=275808
799	FBIS3-24072	ce=nan	bm25=1.125499	final=-inf	row=207288
800	FBIS3-26651	ce=nan	bm25=1.124200	final=-inf	row=311944
801	FBIS4-46852	ce=nan	bm25=1.124000	final=-inf	row=373933
802	LA031989-0208	ce=nan	bm25=1.123899	final=-inf	row=330399
803	FT943-12965	ce=nan	bm25=1.123798	final=-inf	row=416612
804	FBIS4-21108	ce=nan	bm25=1.123697	final=-inf	row=14164
805	FBIS4-21887	ce=nan	bm25=1.123696	final=-inf	row=75076
806	FBIS4-21797	ce=nan	bm25=1.123400	final=-inf	row=410469
807	FBIS4-22519	ce=nan	bm25=1.123399	final=-inf	row=145820
808	FBIS3-5118	ce=nan	bm25=1.123200	final=-inf	row=79450
809	FT941-12381	ce=nan	bm25=1.122300	final=-inf	row=496276
810	LA013089-0069	ce=nan	bm25=1.122100	final=-inf	row=104868
811	FBIS3-23340	ce=nan	bm25=1.122000	final=-inf	row=109638
812	FBIS4-41840	ce=nan	bm25=1.121800	final=-inf	row=339767
813	FBIS3-25940	ce=nan	bm25=1.121699	final=-inf	row=472070
814	FBIS3-12201	ce=nan	bm25=1.120200	final=-inf	row=275724
815	FBIS3-9716	ce=nan	bm25=1.120199	final=-inf	row=76591
816	FBIS3-27330	ce=nan	bm25=1.120000	final=-inf	row=108922
817	FBIS4-38680	ce=nan	bm25=1.119700	final=-inf	row=238913
818	FBIS3-1638	ce=nan	bm25=1.119599	final=-inf	row=9395
819	FBIS4-46675	ce=nan	bm25=1.118800	final=-inf	row=371442
820	FBIS4-3075	ce=nan	bm25=1.118100	final=-inf	row=181072
821	FBIS4-31653	ce=nan	bm25=1.117800	final=-inf	row=245333
822	FBIS4-33731	ce=nan	bm25=1.117700	final=-inf	row=375168
823	FBIS3-19853	ce=nan	bm25=1.117500	final=-inf	row=404720
824	FBIS4-49483	ce=nan	bm25=1.117300	final=-inf	row=339400
825	FBIS4-46544	ce=nan	bm25=1.117100	final=-inf	row=110732
826	FBIS4-33857	ce=nan	bm25=1.116400	final=-inf	row=275652
827	FBIS4-20957	ce=nan	bm25=1.116300	final=-inf	row=509326
828	FBIS4-45398	ce=nan	bm25=1.116100	final=-inf	row=16130
829	FBIS3-32415	ce=nan	bm25=1.115700	final=-inf	row=446363
830	FBIS3-26112	ce=nan	bm25=1.115699	final=-inf	row=473821
831	LA071990-0150	ce=nan	bm25=1.115598	final=-inf	row=370460
832	FBIS4-63957	ce=nan	bm25=1.115497	final=-inf	row=49287
833	FBIS3-21670	ce=nan	bm25=1.115300	final=-inf	row=440478
834	FBIS3-41445	ce=nan	bm25=1.115299	final=-inf	row=506111
835	FBIS3-42792	ce=nan	bm25=1.115298	final=-inf	row=509950
836	FBIS3-50387	ce=nan	bm25=1.115297	final=-inf	row=477573
837	FBIS4-57356	ce=nan	bm25=1.115196	final=-inf	row=244893
838	FBIS4-57365	ce=nan	bm25=1.115195	final=-inf	row=510128
839	FBIS3-35487	ce=nan	bm25=1.115194	final=-inf	row=112610
840	FR940804-0-00102	ce=nan	bm25=1.115093	final=-inf	row=83315
841	FR941207-0-00065	ce=nan	bm25=1.114500	final=-inf	row=117017
842	FBIS3-13361	ce=nan	bm25=1.114300	final=-inf	row=441520
843	FBIS4-61235	ce=nan	bm25=1.114299	final=-inf	row=43109
844	FBIS4-43047	ce=nan	bm25=1.114198	final=-inf	row=440861
845	FBIS3-54944	ce=nan	bm25=1.113900	final=-inf	row=338757
846	FBIS3-45789	ce=nan	bm25=1.113100	final=-inf	row=14317
847	FBIS4-7833	ce=nan	bm25=1.112500	final=-inf	row=9680
848	FBIS3-22300	ce=nan	bm25=1.112100	final=-inf	row=211724
849	FBIS3-23985	ce=nan	bm25=1.111700	final=-inf	row=478469
850	FBIS3-57364	ce=nan	bm25=1.111699	final=-inf	row=374952
851	FBIS3-41407	ce=nan	bm25=1.111598	final=-inf	row=479799
852	FBIS4-7844	ce=nan	bm25=1.111597	final=-inf	row=338158
853	FBIS3-55130	ce=nan	bm25=1.111000	final=-inf	row=271637
854	FBIS4-41397	ce=nan	bm25=1.110000	final=-inf	row=408287
855	FBIS4-43552	ce=nan	bm25=1.109800	final=-inf	row=114531
856	FBIS4-45360	ce=nan	bm25=1.109600	final=-inf	row=511494
857	FBIS4-46911	ce=nan	bm25=1.109300	final=-inf	row=44979
858	FBIS4-61283	ce=nan	bm25=1.109299	final=-inf	row=439358
859	FBIS4-45783	ce=nan	bm25=1.109298	final=-inf	row=113023
860	FBIS3-42308	ce=nan	bm25=1.108600	final=-inf	row=342791
861	FBIS4-18226	ce=nan	bm25=1.108500	final=-inf	row=438745
862	FBIS4-15002	ce=nan	bm25=1.108200	final=-inf	row=172959
863	FBIS3-46076	ce=nan	bm25=1.108099	final=-inf	row=9556
864	FBIS4-44068	ce=nan	bm25=1.108098	final=-inf	row=46581
865	FBIS3-39464	ce=nan	bm25=1.107200	final=-inf	row=444377
866	FBIS3-20088	ce=nan	bm25=1.107100	final=-inf	row=307054
867	FBIS4-21817	ce=nan	bm25=1.107099	final=-inf	row=410486
868	FBIS3-57706	ce=nan	bm25=1.106800	final=-inf	row=44321
869	FBIS3-33833	ce=nan	bm25=1.106500	final=-inf	row=404271
870	FBIS3-12547	ce=nan	bm25=1.106300	final=-inf	row=145545
871	FR940303-1-00006	ce=nan	bm25=1.106000	final=-inf	row=118427
872	FBIS3-41408	ce=nan	bm25=1.105400	final=-inf	row=15990
873	FBIS4-49688	ce=nan	bm25=1.105100	final=-inf	row=404708
874	FBIS4-38993	ce=nan	bm25=1.104800	final=-inf	row=304369
875	FBIS3-26825	ce=nan	bm25=1.104700	final=-inf	row=212312
876	FBIS3-1975	ce=nan	bm25=1.103400	final=-inf	row=412069
877	FBIS3-15151	ce=nan	bm25=1.103399	final=-inf	row=45979
878	FBIS4-30531	ce=nan	bm25=1.103298	final=-inf	row=272879
879	FBIS3-12853	ce=nan	bm25=1.103297	final=-inf	row=107882
880	FBIS3-11839	ce=nan	bm25=1.103296	final=-inf	row=478646
881	FBIS4-20045	ce=nan	bm25=1.103195	final=-inf	row=472339
882	FBIS3-34258	ce=nan	bm25=1.103194	final=-inf	row=242260
883	FBIS3-30458	ce=nan	bm25=1.103093	final=-inf	row=239789
884	FBIS3-30686	ce=nan	bm25=1.103092	final=-inf	row=439347
885	FBIS3-40755	ce=nan	bm25=1.102900	final=-inf	row=408510
886	FBIS4-59310	ce=nan	bm25=1.102400	final=-inf	row=409420
887	FBIS3-12808	ce=nan	bm25=1.102299	final=-inf	row=404546
888	FBIS3-51235	ce=nan	bm25=1.102298	final=-inf	row=209507
889	FR940202-2-00150	ce=nan	bm25=1.101900	final=-inf	row=379501
890	LA110589-0250	ce=nan	bm25=1.101899	final=-inf	row=168764
891	LA121390-0120	ce=nan	bm25=1.101798	final=-inf	row=201368
892	FBIS4-9132	ce=nan	bm25=1.101697	final=-inf	row=48075
893	FBIS4-53215	ce=nan	bm25=1.101500	final=-inf	row=49251
894	FBIS4-55671	ce=nan	bm25=1.101499	final=-inf	row=43209
895	FBIS4-11440	ce=nan	bm25=1.101200	final=-inf	row=472972
896	FBIS3-46116	ce=nan	bm25=1.100900	final=-inf	row=207618
897	FBIS3-33856	ce=nan	bm25=1.100800	final=-inf	row=141770
898	FBIS3-42583	ce=nan	bm25=1.100100	final=-inf	row=443716
899	FBIS3-27916	ce=nan	bm25=1.100099	final=-inf	row=76626
900	FBIS3-41108	ce=nan	bm25=1.100098	final=-inf	row=510367
901	FBIS3-17215	ce=nan	bm25=1.100097	final=-inf	row=10679
902	FBIS4-7622	ce=nan	bm25=1.099800	final=-inf	row=206737
903	FBIS4-34471	ce=nan	bm25=1.099300	final=-inf	row=246248
904	FBIS4-34538	ce=nan	bm25=1.099299	final=-inf	row=445962
905	FBIS4-45440	ce=nan	bm25=1.099298	final=-inf	row=279221
906	FBIS4-51588	ce=nan	bm25=1.099197	final=-inf	row=146182
907	FBIS3-23162	ce=nan	bm25=1.099196	final=-inf	row=208646
908	FBIS3-18802	ce=nan	bm25=1.098500	final=-inf	row=309581
909	FBIS3-14137	ce=nan	bm25=1.098400	final=-inf	row=342407
910	FBIS4-60256	ce=nan	bm25=1.098300	final=-inf	row=311467
911	FBIS3-31749	ce=nan	bm25=1.098200	final=-inf	row=342166
912	FBIS3-61171	ce=nan	bm25=1.097600	final=-inf	row=144168
913	LA062390-0073	ce=nan	bm25=1.097599	final=-inf	row=400873
914	LA042189-0015	ce=nan	bm25=1.097400	final=-inf	row=34366
915	FBIS4-40877	ce=nan	bm25=1.097299	final=-inf	row=509729
916	FBIS3-2326	ce=nan	bm25=1.097198	final=-inf	row=374914
917	FBIS3-8746	ce=nan	bm25=1.096700	final=-inf	row=242381
918	FBIS3-23559	ce=nan	bm25=1.096599	final=-inf	row=239188
919	FBIS3-3124	ce=nan	bm25=1.096598	final=-inf	row=277509
920	FR940804-0-00116	ce=nan	bm25=1.096597	final=-inf	row=50554
921	FBIS3-35272	ce=nan	bm25=1.095500	final=-inf	row=341902
922	FBIS3-12697	ce=nan	bm25=1.095400	final=-inf	row=206878
923	FBIS4-16312	ce=nan	bm25=1.094900	final=-inf	row=179143
924	FBIS3-36854	ce=nan	bm25=1.094800	final=-inf	row=341754
925	LA062490-0069	ce=nan	bm25=1.094600	final=-inf	row=333208
926	LA020490-0072	ce=nan	bm25=1.093800	final=-inf	row=106021
927	FBIS3-24116	ce=nan	bm25=1.093699	final=-inf	row=173978
928	FBIS3-14844	ce=nan	bm25=1.093400	final=-inf	row=146391
929	FBIS3-41349	ce=nan	bm25=1.092900	final=-inf	row=479749
930	FBIS3-32927	ce=nan	bm25=1.092899	final=-inf	row=475943
931	FBIS4-30970	ce=nan	bm25=1.092400	final=-inf	row=309481
932	FBIS4-43533	ce=nan	bm25=1.092299	final=-inf	row=311241
933	FBIS4-50835	ce=nan	bm25=1.092100	final=-inf	row=340736
934	FBIS3-38635	ce=nan	bm25=1.092000	final=-inf	row=477640
935	FBIS4-1651	ce=nan	bm25=1.091900	final=-inf	row=176736
936	FBIS3-42405	ce=nan	bm25=1.091800	final=-inf	row=147979
937	FBIS4-46881	ce=nan	bm25=1.091600	final=-inf	row=77865
938	FBIS4-14484	ce=nan	bm25=1.091400	final=-inf	row=43636
939	FBIS3-41121	ce=nan	bm25=1.091000	final=-inf	row=245978
940	LA062289-0068	ce=nan	bm25=1.090900	final=-inf	row=300100
941	FBIS4-56434	ce=nan	bm25=1.090899	final=-inf	row=78942
942	FBIS4-67058	ce=nan	bm25=1.090898	final=-inf	row=80104
943	FBIS3-57046	ce=nan	bm25=1.090797	final=-inf	row=244505
944	FBIS4-46889	ce=nan	bm25=1.090696	final=-inf	row=44911
945	FBIS3-9533	ce=nan	bm25=1.089500	final=-inf	row=312237
946	FBIS4-66122	ce=nan	bm25=1.089300	final=-inf	row=245449
947	FR941230-2-00127	ce=nan	bm25=1.089299	final=-inf	row=182772
948	FBIS4-37791	ce=nan	bm25=1.089298	final=-inf	row=378210
949	LA111089-0020	ce=nan	bm25=1.089197	final=-inf	row=104473
950	LA090990-0082	ce=nan	bm25=1.089196	final=-inf	row=138536
951	FBIS4-38541	ce=nan	bm25=1.088800	final=-inf	row=370827
952	LA120390-0089	ce=nan	bm25=1.088799	final=-inf	row=106
953	FBIS4-2756	ce=nan	bm25=1.088000	final=-inf	row=478472
954	LA053189-0044	ce=nan	bm25=1.087900	final=-inf	row=466815
955	FBIS3-11246	ce=nan	bm25=1.087400	final=-inf	row=278859
956	FBIS3-24065	ce=nan	bm25=1.087000	final=-inf	row=173891
957	FBIS3-12824	ce=nan	bm25=1.086600	final=-inf	row=8979
958	FBIS4-40582	ce=nan	bm25=1.086599	final=-inf	row=412379
959	FBIS4-26887	ce=nan	bm25=1.086400	final=-inf	row=404255
960	LA072690-0125	ce=nan	bm25=1.086300	final=-inf	row=296084
961	FBIS3-61078	ce=nan	bm25=1.086200	final=-inf	row=310398
962	FBIS3-10813	ce=nan	bm25=1.086100	final=-inf	row=146584
963	FBIS3-21813	ce=nan	bm25=1.086099	final=-inf	row=274867
964	FBIS4-16588	ce=nan	bm25=1.085800	final=-inf	row=345047
965	FBIS4-41262	ce=nan	bm25=1.085600	final=-inf	row=45750
966	FBIS4-16728	ce=nan	bm25=1.085599	final=-inf	row=214799
967	FBIS3-12450	ce=nan	bm25=1.085598	final=-inf	row=47028
968	FBIS4-8527	ce=nan	bm25=1.085400	final=-inf	row=339107
969	FBIS3-3019	ce=nan	bm25=1.085399	final=-inf	row=279438
970	FBIS4-46741	ce=nan	bm25=1.085000	final=-inf	row=75547
971	FR940202-2-00148	ce=nan	bm25=1.084600	final=-inf	row=280110
972	LA122290-0133	ce=nan	bm25=1.084500	final=-inf	row=367583
973	FBIS4-30283	ce=nan	bm25=1.084399	final=-inf	row=304961
974	FBIS4-21367	ce=nan	bm25=1.084398	final=-inf	row=311929
975	LA021189-0023	ce=nan	bm25=1.084297	final=-inf	row=2411
976	FBIS4-41753	ce=nan	bm25=1.083200	final=-inf	row=376887
977	FBIS4-22406	ce=nan	bm25=1.082900	final=-inf	row=479993
978	LA092390-0244	ce=nan	bm25=1.082800	final=-inf	row=173021
979	FBIS3-33992	ce=nan	bm25=1.082000	final=-inf	row=473854
980	FBIS4-14314	ce=nan	bm25=1.081999	final=-inf	row=507624
981	FBIS3-47376	ce=nan	bm25=1.081800	final=-inf	row=278720
982	FBIS3-59322	ce=nan	bm25=1.081799	final=-inf	row=411177
983	FBIS3-45072	ce=nan	bm25=1.081698	final=-inf	row=107965
984	FBIS4-31396	ce=nan	bm25=1.081597	final=-inf	row=411746
985	FR940303-1-00007	ce=nan	bm25=1.081596	final=-inf	row=85263
986	FBIS4-58616	ce=nan	bm25=1.081595	final=-inf	row=378129
987	FBIS4-37833	ce=nan	bm25=1.081400	final=-inf	row=311518
988	FBIS4-10474	ce=nan	bm25=1.081399	final=-inf	row=440884
989	FBIS4-18941	ce=nan	bm25=1.081398	final=-inf	row=275985
990	FBIS3-18893	ce=nan	bm25=1.081297	final=-inf	row=112543
991	FBIS3-47264	ce=nan	bm25=1.081100	final=-inf	row=378072
992	FBIS3-26484	ce=nan	bm25=1.080000	final=-inf	row=179208
993	FBIS3-51833	ce=nan	bm25=1.079999	final=-inf	row=75755
994	FBIS4-41540	ce=nan	bm25=1.079998	final=-inf	row=178876
995	FBIS4-34526	ce=nan	bm25=1.079500	final=-inf	row=511387
996	FBIS3-20430	ce=nan	bm25=1.079400	final=-inf	row=80324
997	FBIS3-12835	ce=nan	bm25=1.079200	final=-inf	row=438782
998	LA012889-0019	ce=nan	bm25=1.079100	final=-inf	row=169038
999	FBIS4-10188	ce=nan	bm25=1.079099	final=-inf	row=175512
1000	FBIS4-57883	ce=nan	bm25=1.078700	final=-inf	row=239087
