#
# A fatal error has been detected by the Java Runtime Environment:
#
#  SIGSEGV (0xb) at pc=0x0000000300b4f274, pid=98487, tid=259
#
# JRE version: OpenJDK Runtime Environment (22.0.2+9) (build 22.0.2+9-70)
# Java VM: OpenJDK 64-Bit Server VM (22.0.2+9-70, mixed mode, sharing, tiered, compressed oops, compressed class ptrs, g1 gc, bsd-aarch64)
# Problematic frame:
# C  [libtorch_python.dylib+0xb4f274]  std::__1::__hash_iterator<std::__1::__hash_node<std::__1::__hash_value_type<std::__1::basic_string<char, std::__1::char_traits<char>, std::__1::allocator<char>>, c10::AliasAnalysisKind>, void*>*> std::__1::__hash_table<std::__1::__hash_value_type<std::__1::basic_string<char, std::__1::char_traits<char>, std::__1::allocator<char>>, c10::AliasAnalysisKind>, std::__1::__unordered_map_hasher<std::__1::basic_string<char, std::__1::char_traits<char>, std::__1::allocator<char>>, std::__1::__hash_value_type<std::__1::basic_string<char, std::__1::char_traits<char>, std::__1::allocator<char>>, c10::AliasAnalysisKind>, std::__1::hash<std::__1::basic_string<char, std::__1::char_traits<char>, std::__1::allocator<char>>>, std::__1::equal_to<std::__1::basic_string<char, std::__1::char_traits<char>, std::__1::allocator<char>>>, true>, std::__1::__unordered_map_equal<std::__1::basic_string<char, std::__1::char_traits<char>, std::__1::allocator<char>>, std::__1::__hash_value_type<std::__1::basic_string<char, std::__1::char_traits<char>, std::__1::allocator<char>>, c10::AliasAnalysisKind>, std::__1::equal_to<std::__1::basic_string<char, std::__1::char_traits<char>, std::__1::allocator<char>>>, std::__1::hash<std::__1::basic_string<char, std::__1::char_traits<char>, std::__1::allocator<char>>>, true>, std::__1::allocator<std::__1::__hash_value_type<std::__1::basic_string<char, std::__1::char_traits<char>, std::__1::allocator<char>>, c10::AliasAnalysisKind>>>::find<std::__1::basic_string<char, std::__1::char_traits<char>, std::__1::allocator<char>>>(std::__1::basic_string<char, std::__1::char_traits<char>, std::__1::allocator<char>> const&)+0x8c
#
# No core dump will be written. Core dumps have been disabled. To enable core dumping, try "ulimit -c unlimited" before starting Java again
#
# An error report file with more information is saved as:
# /Users/kaufi/Downloads/text_retrieval_final/hs_err_pid98487.log
#
# If you would like to submit a bug report, please visit:
#   https://bugreport.java.com/bugreport/crash.jsp
# The crash happened outside the Java Virtual Machine in native code.
# See problematic frame for where to report the bug.
#
